// Jest Snapshot v1, https://goo.gl/fbAQLP

exports[`Checkbox Component renders a disabled checkbox component when disabled prop is passed 1`] = `
<label class="group z-input z-input__checkbox block relative pl-6 mb-1 text-base flex items-center cursor-not-allowed is-disabled"><input type="checkbox" disabled="disabled" class="absolute opacity-0 h-0 w-0" value=""> <span data-before="✓" data-content="" class="z-input__checkbox--checkmark before:content-before text-transparent text-center text-lg sibling-checked:text-vanilla-100 sibling-checked:bg-juniper sibling-checked:border-juniper grid place-items-center absolute left-0 h-5 w-5 rounded-sm border border-slate border-solid bg-transparent cursor-pointer group-hover:border-juniper cursor-not-allowed group-hover:border-slate sibling-checked:text-ink-300 sibling-checked:border-slate sibling-checked:bg-slate"></span>
  <!---->
</label>
`;

exports[`Checkbox Component renders a pre-selected checkbox when the value is passed as checked 1`] = `
<label class="group z-input z-input__checkbox block relative pl-6 mb-1 text-base flex items-center false"><input type="checkbox" class="absolute opacity-0 h-0 w-0" value="icecream"> <span data-before="✓" data-content="" class="z-input__checkbox--checkmark before:content-before text-transparent text-center text-lg sibling-checked:text-vanilla-100 sibling-checked:bg-juniper sibling-checked:border-juniper grid place-items-center absolute left-0 h-5 w-5 rounded-sm border border-slate border-solid bg-transparent cursor-pointer group-hover:border-juniper false"></span> <span class="z-input__checkbox--text ml-2 false">
    Icecreams
  </span></label>
`;

exports[`Checkbox Component renders the checkbox component 1`] = `
<label class="group z-input z-input__checkbox block relative pl-6 mb-1 text-base flex items-center false"><input type="checkbox" class="absolute opacity-0 h-0 w-0" value=""> <span data-before="✓" data-content="" class="z-input__checkbox--checkmark before:content-before text-transparent text-center text-lg sibling-checked:text-vanilla-100 sibling-checked:bg-juniper sibling-checked:border-juniper grid place-items-center absolute left-0 h-5 w-5 rounded-sm border border-slate border-solid bg-transparent cursor-pointer group-hover:border-juniper false"></span>
  <!---->
</label>
`;
