// Jest Snapshot v1, https://goo.gl/fbAQLP

exports[`Labels renders with icon 1`] = `<span class="inline-flex items-center uppercase font-semibold border rounded-full bg-ink-400 border-slate-400 text-vanilla-200 tracking-wide leading-none text-xxs px-1 py-1 pr-2 space-x-1"><z-icon-stub icon="solid-circle" size="small" position="" color="robin"></z-icon-stub> <span>Hello World</span></span>`;

exports[`Labels renders with size 1`] = `<span class="inline-flex items-center uppercase font-semibold border rounded-full bg-ink-400 border-slate-400 text-vanilla-200 tracking-wide leading-none text-xxs px-1 py-1 pr-2 space-x-1"><z-icon-stub icon="solid-circle" size="small" position="" color="robin"></z-icon-stub> <span>Hello World</span></span>`;

exports[`Labels renders with size 2`] = `<span class="inline-flex items-center uppercase font-semibold border rounded-full bg-ink-400 border-slate-400 text-vanilla-200 tracking-wide leading-none text-xs px-1 py-1 pr-3 space-x-2"><z-icon-stub icon="solid-circle" size="medium" position="" color="robin"></z-icon-stub> <span>Hello World</span></span>`;

exports[`Labels renders with state 1`] = `<span class="inline-flex items-center uppercase font-semibold border rounded-full bg-ink-400 border-slate-400 text-vanilla-200 tracking-wide leading-none text-xxs px-1 py-1 pr-2 space-x-1"><z-icon-stub icon="check-circle" size="small" position="" color="juniper"></z-icon-stub> <span>Hello World</span></span>`;

exports[`Labels renders with state 2`] = `<span class="inline-flex items-center uppercase font-semibold border rounded-full bg-ink-400 border-slate-400 text-vanilla-200 tracking-wide leading-none text-xxs px-1 py-1 pr-2 space-x-1"><z-icon-stub icon="x-circle" size="small" position="" color="cherry"></z-icon-stub> <span>Hello World</span></span>`;

exports[`Labels renders with state 3`] = `<span class="inline-flex items-center uppercase font-semibold border rounded-full bg-ink-400 border-slate-400 text-vanilla-200 tracking-wide leading-none text-xxs px-1 py-1 pr-2 space-x-1"><z-icon-stub icon="alert-circle" size="small" position="" color="honey"></z-icon-stub> <span>Hello World</span></span>`;

exports[`Labels renders with state 4`] = `<span class="inline-flex items-center uppercase font-semibold border rounded-full bg-ink-400 border-slate-400 text-vanilla-200 tracking-wide leading-none text-xxs px-1 py-1 pr-2 space-x-1"><z-icon-stub icon="solid-circle" size="small" position="" color="robin"></z-icon-stub> <span>Hello World</span></span>`;

exports[`Labels renders without icon 1`] = `<span class="inline-flex items-center uppercase font-semibold border rounded-full bg-ink-400 border-slate-400 text-vanilla-200 tracking-wide leading-none text-xxs px-1 py-1 pr-2 space-x-1"><z-icon-stub icon="solid-circle" size="small" position="" color="robin"></z-icon-stub> <span>Hello World</span></span>`;
