// Jest Snapshot v1, https://goo.gl/fbAQLP

exports[`ZNumberInput Decreases value by 1 on clicking \`+\` 1`] = `
<div class="container space-y-5 text-vanilla-100">
  <div class="flex items-center border rounded-md gap-x-1 border-ink-100 focus-within:border-vanilla-400 w-28"><button href="#" type="button" class="z-btn inline-flex items-center justify-center font-medium transition-colors duration-300 ease-in-out rounded-sm focus:outline-none whitespace-nowrap flex-shrink-0 text-vanilla-100 p-0 h-6 w-6 bg-ink-300 hover:bg-ink-200"><svg viewBox="0 0 24 24" stroke-linecap="round" stroke-linejoin="round" fill="none" class="z-icon w-4 h-4 z-icon--minus text-vanilla-100">
        <line x1="5" y1="12" x2="19" y2="12"></line>
      </svg> </button> <input type="number" min="NaN" max="NaN" placeholder="Enter a number" class="flex-grow min-w-0 text-center outline-none bg-ink-400 hide-input-spinners"> <button href="#" type="button" class="z-btn inline-flex items-center justify-center font-medium transition-colors duration-300 ease-in-out rounded-sm focus:outline-none whitespace-nowrap flex-shrink-0 text-vanilla-100 p-0 h-6 w-6 bg-ink-300 hover:bg-ink-200"><svg viewBox="0 0 24 24" stroke-linecap="round" stroke-linejoin="round" fill="none" class="z-icon w-4 h-4 z-icon--plus text-vanilla-100">
        <line x1="12" y1="5" x2="12" y2="19"></line>
        <line x1="5" y1="12" x2="19" y2="12"></line>
      </svg> </button></div>
  <div class="mt-2">Number: 0</div>
</div>
`;

exports[`ZNumberInput Increases value by 1 on clicking \`+\` 1`] = `
<div class="container space-y-5 text-vanilla-100">
  <div class="flex items-center border rounded-md gap-x-1 border-ink-100 focus-within:border-vanilla-400 w-28"><button href="#" type="button" class="z-btn inline-flex items-center justify-center font-medium transition-colors duration-300 ease-in-out rounded-sm focus:outline-none whitespace-nowrap flex-shrink-0 text-vanilla-100 p-0 h-6 w-6 bg-ink-300 hover:bg-ink-200"><svg viewBox="0 0 24 24" stroke-linecap="round" stroke-linejoin="round" fill="none" class="z-icon w-4 h-4 z-icon--minus text-vanilla-100">
        <line x1="5" y1="12" x2="19" y2="12"></line>
      </svg> </button> <input type="number" min="NaN" max="NaN" placeholder="Enter a number" class="flex-grow min-w-0 text-center outline-none bg-ink-400 hide-input-spinners"> <button href="#" type="button" class="z-btn inline-flex items-center justify-center font-medium transition-colors duration-300 ease-in-out rounded-sm focus:outline-none whitespace-nowrap flex-shrink-0 text-vanilla-100 p-0 h-6 w-6 bg-ink-300 hover:bg-ink-200"><svg viewBox="0 0 24 24" stroke-linecap="round" stroke-linejoin="round" fill="none" class="z-icon w-4 h-4 z-icon--plus text-vanilla-100">
        <line x1="12" y1="5" x2="12" y2="19"></line>
        <line x1="5" y1="12" x2="19" y2="12"></line>
      </svg> </button></div>
  <div class="mt-2">Number: 0</div>
</div>
`;

exports[`ZNumberInput renders a number input and two buttons 1`] = `
<div class="container space-y-5 text-vanilla-100">
  <div class="flex items-center border rounded-md gap-x-1 border-ink-100 focus-within:border-vanilla-400 w-28"><button href="#" type="button" class="z-btn inline-flex items-center justify-center font-medium transition-colors duration-300 ease-in-out rounded-sm focus:outline-none whitespace-nowrap flex-shrink-0 text-vanilla-100 p-0 h-6 w-6 bg-ink-300 hover:bg-ink-200"><svg viewBox="0 0 24 24" stroke-linecap="round" stroke-linejoin="round" fill="none" class="z-icon w-4 h-4 z-icon--minus text-vanilla-100">
        <line x1="5" y1="12" x2="19" y2="12"></line>
      </svg> </button> <input type="number" min="NaN" max="NaN" placeholder="Enter a number" class="flex-grow min-w-0 text-center outline-none bg-ink-400 hide-input-spinners"> <button href="#" type="button" class="z-btn inline-flex items-center justify-center font-medium transition-colors duration-300 ease-in-out rounded-sm focus:outline-none whitespace-nowrap flex-shrink-0 text-vanilla-100 p-0 h-6 w-6 bg-ink-300 hover:bg-ink-200"><svg viewBox="0 0 24 24" stroke-linecap="round" stroke-linejoin="round" fill="none" class="z-icon w-4 h-4 z-icon--plus text-vanilla-100">
        <line x1="12" y1="5" x2="12" y2="19"></line>
        <line x1="5" y1="12" x2="19" y2="12"></line>
      </svg> </button></div>
  <div class="mt-2">Number: 0</div>
</div>
`;
