// Jest Snapshot v1, https://goo.gl/fbAQLP

exports[`ZMenu renders a sidebar in the specified direction 1`] = `
<div>
  <div class="absolute top-2 left-2 block lg:hidden cursor-pointer z-10" data-outside-click-index="0"><svg viewBox="0 0 24 24" fill="none" class="stroke-2 z-icon w-4 h-4 z-icon--menu text-vanilla-400">
      <line x1="3" y1="12" x2="21" y2="12"></line>
      <line x1="3" y1="6" x2="21" y2="6"></line>
      <line x1="3" y1="18" x2="21" y2="18"></line>
    </svg></div>
  <div class="group bg-ink-400 absolute z-20 sidebar-menu h-screen flex flex-col border-ink-200 text-vanilla-100 top-0 cursor-pointer transition-all duration-300 ease-in-out lg:w-64 w-9/12 lg:left-0 -left-3/4 border-r">
    <header class="w-full border-b border-solid border-ink-200 p-2 h-12">
      <div><span>Deepsource</span></div>
    </header>
    <div class="sidebar-items w-full flex-1 p-2 overflow-scroll">
      <div class="sidebar-item flex space-x-2 px-2 py-2 items-center cursor-pointer hover:bg-ink-300 text-sm transition-all duration-300 ease-in-out"><svg viewBox="0 0 24 24" fill="none" class="stroke-2 z-icon w-4 h-4 z-icon--globe text-vanilla-400">
          <circle cx="12" cy="12" r="10"></circle>
          <line x1="2" y1="12" x2="22" y2="12"></line>
          <path d="M12 2a15.3 15.3 0 0 1 4 10 15.3 15.3 0 0 1-4 10 15.3 15.3 0 0 1-4-10 15.3 15.3 0 0 1 4-10z"></path>
        </svg>
        <div class="items-center space-x-1 w-full text-xs sm:text-sm flex">asgard</div>
      </div>
      <div class="sidebar-item flex space-x-2 px-2 py-2 items-center cursor-pointer hover:bg-ink-300 text-sm transition-all duration-300 ease-in-out"><svg viewBox="0 0 24 24" fill="none" class="stroke-2 z-icon w-4 h-4 z-icon--git-merge text-vanilla-400">
          <circle cx="18" cy="18" r="3"></circle>
          <circle cx="6" cy="6" r="3"></circle>
          <path d="M6 21V9a9 9 0 0 0 9 9"></path>
        </svg>
        <div class="items-center space-x-1 w-full text-xs sm:text-sm flex">asgard-office</div>
      </div>
      <div class="sidebar-item flex space-x-2 px-2 py-2 items-center cursor-pointer hover:bg-ink-300 text-sm transition-all duration-300 ease-in-out"><svg viewBox="0 0 24 24" fill="none" class="stroke-2 z-icon w-4 h-4 z-icon--git-merge text-vanilla-400">
          <circle cx="18" cy="18" r="3"></circle>
          <circle cx="6" cy="6" r="3"></circle>
          <path d="M6 21V9a9 9 0 0 0 9 9"></path>
        </svg>
        <div class="items-center space-x-1 w-full text-xs sm:text-sm flex">second-release</div>
      </div>
      <div class="sidebar-item flex space-x-2 px-2 py-2 items-center cursor-pointer hover:bg-ink-300 text-sm transition-all duration-300 ease-in-out"><svg viewBox="0 0 24 24" fill="none" class="stroke-2 z-icon w-4 h-4 z-icon--git-merge text-vanilla-400">
          <circle cx="18" cy="18" r="3"></circle>
          <circle cx="6" cy="6" r="3"></circle>
          <path d="M6 21V9a9 9 0 0 0 9 9"></path>
        </svg>
        <div class="items-center space-x-1 w-full text-xs sm:text-sm flex">another-release</div>
      </div>
    </div>
    <footer class="w-full border-t border-solid border-ink-200 px-2 py-4">
      <div>
        <div class="sidebar-item flex space-x-2 px-2 py-2 items-center cursor-pointer hover:bg-ink-300 text-sm transition-all duration-300 ease-in-out"><svg viewBox="0 0 24 24" fill="none" class="stroke-2 z-icon w-4 h-4 z-icon--users text-vanilla-400">
            <path d="M17 21v-2a4 4 0 0 0-4-4H5a4 4 0 0 0-4 4v2"></path>
            <circle cx="9" cy="7" r="4"></circle>
            <path d="M23 21v-2a4 4 0 0 0-3-3.87"></path>
            <path d="M16 3.13a4 4 0 0 1 0 7.75"></path>
          </svg>
          <div class="items-center space-x-1 w-full text-xs sm:text-sm flex">My team</div>
        </div>
        <div class="sidebar-item flex space-x-2 px-2 py-2 items-center cursor-pointer hover:bg-ink-300 text-sm transition-all duration-300 ease-in-out"><svg viewBox="0 0 24 24" fill="none" class="stroke-2 z-icon w-4 h-4 z-icon--settings text-vanilla-400">
            <circle cx="12" cy="12" r="3"></circle>
            <path d="M19.4 15a1.65 1.65 0 0 0 .33 1.82l.06.06a2 2 0 0 1 0 2.83 2 2 0 0 1-2.83 0l-.06-.06a1.65 1.65 0 0 0-1.82-.33 1.65 1.65 0 0 0-1 1.51V21a2 2 0 0 1-2 2 2 2 0 0 1-2-2v-.09A1.65 1.65 0 0 0 9 19.4a1.65 1.65 0 0 0-1.82.33l-.06.06a2 2 0 0 1-2.83 0 2 2 0 0 1 0-2.83l.06-.06a1.65 1.65 0 0 0 .33-1.82 1.65 1.65 0 0 0-1.51-1H3a2 2 0 0 1-2-2 2 2 0 0 1 2-2h.09A1.65 1.65 0 0 0 4.6 9a1.65 1.65 0 0 0-.33-1.82l-.06-.06a2 2 0 0 1 0-2.83 2 2 0 0 1 2.83 0l.06.06a1.65 1.65 0 0 0 1.82.33H9a1.65 1.65 0 0 0 1-1.51V3a2 2 0 0 1 2-2 2 2 0 0 1 2 2v.09a1.65 1.65 0 0 0 1 1.51 1.65 1.65 0 0 0 1.82-.33l.06-.06a2 2 0 0 1 2.83 0 2 2 0 0 1 0 2.83l-.06.06a1.65 1.65 0 0 0-.33 1.82V9a1.65 1.65 0 0 0 1.51 1H21a2 2 0 0 1 2 2 2 2 0 0 1-2 2h-.09a1.65 1.65 0 0 0-1.51 1z"></path>
          </svg>
          <div class="items-center space-x-1 w-full text-xs sm:text-sm flex">Team settings</div>
        </div>
      </div>
    </footer>
    <div class="hidden lg:group-hover:block absolute top-0 right-0 h-full w-px bg-gradient-to-t from-vanilla-300 via-juniper to-juniper"></div>
    <div class="lg:group-hover:block hidden bg-juniper p-1 rounded-full relative lg:absolute top-3 -right-3"><svg viewBox="0 0 24 24" fill="none" class="stroke-2 z-icon w-4 h-4 z-icon--chevron-left text-ink-400">
        <polyline points="15 18 9 12 15 6"></polyline>
      </svg></div>
  </div>
  <div class=""></div>
</div>
`;
