// Jest Snapshot v1, https://goo.gl/fbAQLP

exports[`ZTabs renders a default tab component 1`] = `
<div class="z-tabs text-vanilla-400">
  <div class="z-tab-list -mx-3"><button role="tab" tabindex="0" aria-selected="true" class="inline-flex items-end gap-2 pb-3 mx-3 text-sm leading-none outline-none z-tab focus:outline-none text-vanilla-100 border-b-2 border-juniper">
      <!----> Overview
    </button> <button role="tab" tabindex="-1" aria-selected="false" class="inline-flex items-end gap-2 pb-3 mx-3 text-sm leading-none outline-none z-tab focus:outline-none" id="issues-tab">
      <!----> Issues
    </button> <button role="tab" tabindex="-1" aria-selected="false" class="inline-flex items-end gap-2 pb-3 mx-3 text-sm leading-none outline-none z-tab focus:outline-none" id="fixes-tab">
      <!----> Fixes
    </button> <button role="tab" tabindex="-1" aria-selected="false" disabled="disabled" class="inline-flex items-end gap-2 pb-3 mx-3 text-sm leading-none outline-none z-tab focus:outline-none cursor-auto" id="disabled-tab">
      <!----> Metrics
    </button></div>
  <div role="tabpanel" tabindex="0" class="outline-none focus:outline-none z-tab-items">
    <div class="z-tab-item">Overview of the code.</div>
  </div>
</div>
`;

exports[`ZTabs renders tabs with icons 1`] = `
<div class="z-tabs text-vanilla-400">
  <div class="z-tab-list -mx-3"><button role="tab" tabindex="0" aria-selected="true" class="inline-flex items-end gap-2 pb-3 mx-3 text-sm leading-none outline-none z-tab focus:outline-none text-vanilla-100 border-b-2 border-juniper"><svg viewBox="0 0 24 24" fill="none" class="stroke-2 z-icon w-4 h-4 z-icon--code text-vanilla-100">
        <polyline points="16 18 22 12 16 6"></polyline>
        <polyline points="8 6 2 12 8 18"></polyline>
      </svg> Overview</button> <button role="tab" tabindex="-1" aria-selected="false" class="inline-flex items-end gap-2 pb-3 mx-3 text-sm leading-none outline-none z-tab focus:outline-none"><svg viewBox="0 0 24 24" fill="none" class="stroke-2 z-icon w-4 h-4 z-icon--code text-vanilla-400">
        <polyline points="16 18 22 12 16 6"></polyline>
        <polyline points="8 6 2 12 8 18"></polyline>
      </svg> Issues</button> <button role="tab" tabindex="-1" aria-selected="false" class="inline-flex items-end gap-2 pb-3 mx-3 text-sm leading-none outline-none z-tab focus:outline-none"><svg viewBox="0 0 24 24" fill="none" class="stroke-2 z-icon w-4 h-4 z-icon--code text-vanilla-400">
        <polyline points="16 18 22 12 16 6"></polyline>
        <polyline points="8 6 2 12 8 18"></polyline>
      </svg> Metrics</button></div>
  <div role="tabpanel" tabindex="0" class="outline-none focus:outline-none z-tab-items">
    <div class="z-tab-item">Overview of the code.</div>
  </div>
</div>
`;
