// Jest Snapshot v1, https://goo.gl/fbAQLP

exports[`Textarea Component renders a disabled textarea 1`] = `<div class="h-full overflow-scroll p-1 border border-ink-200 flex items-start focus-within:shadow-white rounded-sm cursor-not-allowed resize-none"><textarea placeholder="Once upon a time..." disabled="disabled" class="w-full h-full p-1 bg-transparent resize-none outline-none text-xs text-slate cursor-not-allowed"></textarea> </div>`;

exports[`Textarea Component renders a textarea with right slot 1`] = `
<div class="h-full overflow-scroll p-1 border border-ink-200 flex items-start focus-within:shadow-white rounded-sm resize-none"><textarea placeholder="Once upon a time..." class="w-full h-full p-1 bg-transparent resize-none outline-none text-xs text-vanilla-400"></textarea> <button href="#" type="button" class="z-btn inline-flex items-center justify-center font-medium transition-colors duration-300 ease-in-out rounded-sm focus:outline-none whitespace-nowrap p-0 h-10 w-10 bg-ink-300 text-vanilla-100 hover:bg-ink-200"><svg viewBox="0 0 24 24" stroke-linecap="round" stroke-linejoin="round" fill="none" class="stroke-1.5 z-icon w-4 h-4 z-icon--copy text-text-vanilla-100">
      <rect x="9" y="9" width="13" height="13" rx="2" ry="2"></rect>
      <path d="M5 15H4a2 2 0 0 1-2-2V4a2 2 0 0 1 2-2h9a2 2 0 0 1 2 2v1"></path>
    </svg> </button></div>
`;

exports[`Textarea Component renders the default textarea component 1`] = `<div class="h-full overflow-scroll p-1 border border-ink-200 flex items-start focus-within:shadow-white rounded-sm resize-none"><textarea placeholder="Once upon a time..." class="w-full h-full p-1 bg-transparent resize-none outline-none text-xs text-vanilla-400"></textarea> </div>`;
