// Jest Snapshot v1, https://goo.gl/fbAQLP

exports[`Toggle renders a default toggle 1`] = `<div role="checkbox" aria-checked="true" tabindex="0" class="inline-block w-8 h-5 rounded-full cursor-pointer focus:outline-none"><span class="inline-flex rounded-full h-full w-full transition-DEFAULT duration-300 ease-in-out p-0.5 items-center bg-juniper"><span class="inline-block w-3.5 h-3.5 transform rounded-full transition-transform ease-in-out duration-300 shadow-grey bg-vanilla-100 translate-x-full"></span></span></div>`;

exports[`Toggle renders a disabled toggle 1`] = `<div role="checkbox" aria-checked="false" tabindex="0" class="inline-block w-8 h-5 rounded-full cursor-pointer focus:outline-none cursor-not-allowed"><span class="inline-flex rounded-full h-full w-full transition-DEFAULT duration-300 ease-in-out p-0.5 items-center bg-ink-100"><span class="inline-block w-3.5 h-3.5 transform rounded-full transition-transform ease-in-out duration-300 shadow-grey bg-vanilla-400 translate-x-0"></span></span></div>`;

exports[`Toggle renders a disabled toggle with pre-selected value 1`] = `<div role="checkbox" aria-checked="true" tabindex="0" class="inline-block w-8 h-5 rounded-full cursor-pointer focus:outline-none cursor-not-allowed"><span class="inline-flex rounded-full h-full w-full transition-DEFAULT duration-300 ease-in-out p-0.5 items-center bg-juniper bg-opacity-50"><span class="inline-block w-3.5 h-3.5 transform rounded-full transition-transform ease-in-out duration-300 shadow-grey bg-vanilla-400 translate-x-full"></span></span></div>`;
