// Jest Snapshot v1, https://goo.gl/fbAQLP

exports[`Toggle renders a default toggle 1`] = `<div><span role="checkbox" aria-checked="true" tabindex="0" class="inline-block relative cursor-pointer w-10 h-5 rounded-full focus:outline-none"><span class="inline-block rounded-full h-full w-full transition-DEFAULT duration-300 ease-in-out bg-juniper"></span> <span class="absolute w-4 h-4 left-0.5 top-0.5 transform rounded-full transition-transform ease-in-out duration-300 shadow-grey bg-vanilla-100 translate-x-5"></span></span></div>`;

exports[`Toggle renders a disabled toggle 1`] = `<div><span role="checkbox" aria-checked="false" tabindex="0" class="inline-block relative cursor-pointer w-10 h-5 rounded-full focus:outline-none cursor-not-allowed"><span class="inline-block rounded-full h-full w-full transition-DEFAULT duration-300 ease-in-out bg-slate"></span> <span class="absolute w-4 h-4 left-0.5 top-0.5 transform rounded-full transition-transform ease-in-out duration-300 shadow-grey bg-vanilla-400 translate-x-0"></span></span></div>`;

exports[`Toggle renders a disabled toggle with pre-selected value 1`] = `<div><span role="checkbox" aria-checked="true" tabindex="0" class="inline-block relative cursor-pointer w-10 h-5 rounded-full focus:outline-none cursor-not-allowed"><span class="inline-block rounded-full h-full w-full transition-DEFAULT duration-300 ease-in-out bg-ink-100"></span> <span class="absolute w-4 h-4 left-0.5 top-0.5 transform rounded-full transition-transform ease-in-out duration-300 shadow-grey bg-vanilla-400 translate-x-5"></span></span></div>`;
