// Jest Snapshot v1, https://goo.gl/fbAQLP

exports[`NavItem component renders a ZNavItem when the component is mounted 1`] = `<span class="text-vanilla-100"><!----> <span class="flex items-center cursor-pointer px-4 py-3 bg-ink-300 inline-block hover:opacity-75 select-none font-semibold w-full"><span class="flex flex-1"></span></span></span>`;
