// Jest Snapshot v1, https://goo.gl/fbAQLP

exports[`ZNavMenu component renders a ZNavMenu when the component is mounted 1`] = `<span class="text-vanilla-100"><!----> <!----> <span class="block py-4"><span class="block font-semibold px-4">Dummy title</span> <span class="block text-sm md:text-md -mb-2 -mx-1"></span></span></span>`;

exports[`ZNavMenu component when type is dropdown 1`] = `
<span class="text-vanilla-100"><span class="relative inline-block text-left"><div class="relative py-3 h-full"><a href="#" type="link" class="z-btn inline-flex items-center justify-center font-medium transition-colors duration-300 ease-in-out rounded-sm focus:outline-none whitespace-nowrap px-4 py-2 p-0 h-10 px-4 py-2 text-base space-x-2 leading-8 bg-juniper text-ink-400 hover:bg-light-juniper"><!----> 
        Dummy title
      </a> <span class="absolute -ml-2 mt-1 left-1/2 block w-0 h-0 border-t-0 border-r-8 border-l-8 border-b-8 border-l-transparent border-r-transparent border-b-ink-300 hidden"></span></div>
<div data-before="" class="absolute -left-12 origin-top-right bg-ink-300 rounded-md shadow-lg min-w-52 hidden">Something</div>
</span>
<!---->
<!----></span>
`;

exports[`ZNavMenu component when type is none 1`] = `<span class="text-vanilla-100"><!----> <!----> <span class="block py-4"><span class="block font-semibold px-4">Dummy title</span> <span class="block text-sm md:text-md -mb-2 -mx-1">Something</span></span></span>`;
