// Jest Snapshot v1, https://goo.gl/fbAQLP

exports[`Page Label component renders a page label when the component is mounted 1`] = `<span class="inline-block px-2 text-sm uppercase rounded-sm bg-gradient-dawn text-vanilla-100">Page Label</span>`;

exports[`Page Label component renders a page label with custom background color 1`] = `<span class="inline-block px-2 text-sm uppercase rounded-sm bg-ink-400 text-vanilla-100">Guide</span>`;

exports[`Page Label component renders a page label with custom text color 1`] = `<span class="inline-block px-2 text-sm uppercase rounded-sm bg-gradient-dawn text-slate">Guide</span>`;

exports[`Page Label component renders a page label with default gradient background 1`] = `<span class="inline-block px-2 text-sm uppercase rounded-sm bg-gradient-dawn text-vanilla-100">Guide</span>`;

exports[`Page Label component renders a page label with default text color 1`] = `<span class="inline-block px-2 text-sm uppercase rounded-sm bg-gradient-dawn text-vanilla-100">Guide</span>`;

exports[`Page Label component renders a page label with the given text 1`] = `<span class="inline-block px-2 text-sm uppercase rounded-sm bg-gradient-dawn text-vanilla-100">Guide</span>`;
