// Jest Snapshot v1, https://goo.gl/fbAQLP

exports[`Related Article component renders a related article when the component is mounted 1`] = `<span class="grid grid-cols-12 py-3"><span class="col-span-10 mb-2 block text-lg font-medium leading-9"></span> <span class="flex items-center col-span-10 text-sm font-medium uppercase text-juniper"> <svg viewBox="0 0 24 24" fill="none" class="stroke-2 ml-1 z-icon w-4 h-4 z-icon--arrow-right text-juniper"><line x1="5" y1="12" x2="19" y2="12"></line><polyline points="12 5 19 12 12 19"></polyline></svg></span></span>`;
