// Jest Snapshot v1, https://goo.gl/fbAQLP

exports[`Customers section renders hero section when the component is mounted 1`] = `
<section class="w-full relative text-vanilla-300 text-center">
  <div class="flex flex-col space-y-5 sm:space-y-6" style="opacity: 1;">
    <h1 class="text-vanilla-100 text-2.5xl sm:text-5xl w-auto font-bold mx-auto max-w-4xl leading-snug sm:leading-12 px-8 sm:px-0"></h1>
    <h2 class="text-base sm:text-lg leading-normal font-normal text-vanilla-300 px-4 sm:px-0 max-w-3xl mx-auto"></h2>
    <div></div>
  </div>
  <div class="mt-4 lg:-mt-16" style="transform: 
        translateX(0px)
        scale(0.7) translateZ(0px);">
    <div style="transform: 
        perspective(800px)
        rotateX(20deg)
        translateZ(0px);"></div>
  </div>
</section>
`;
